[DATA_POINT]
1="HTTP_301"
2="tcp_connect"
3="tcp_connection_count"
4="ssl_session_new"
5="mic_recv"
6="HTTP_200"
7="tcp_shutdown"
8="ssl_session_reuse"
9="HTTP_302"
[END_TRANSACTION]
1="vuser_init_Transaction"
2="https://www.gstatic.com/autofill/hourly/bins.json"
3="bins.json_login_12"
4="https://www.gstatic.com/autofill/weekly/merchants.json"
5="merchants.json_login_21"
6="https://clientservices.googleapis.com/chrome-variations/seed?osname=win&channel=stable&milestone=79"
7="seed_login_33"
8="http://demo.opencart.com/"
9="https://fonts.gstatic.com/s/opensans/v17/mem8YaGs126MiZpBA-UFVZ0b.woff2"
10="https://fonts.gstatic.com/s/opensans/v17/mem5YaGs126MiZpBA-UN7rgOUuhp.woff2"
11="https://demo.opencart.com/catalog/view/javascript/font-awesome/fonts/fontawesome-webfont.woff2?v=4.7.0"
12="https://clients1.google.com/tbproxy/af/query?q=Chc2LjEuMTcxNS4xNDQyL2VuIChHR0xMKRMZ5YRr3Z-avlkjLWdns_4kFA=="
13="https://ssl.gstatic.com/safebrowsing/csd/client_model_v5_variation_0.pb"
14="https://ssl.gstatic.com/safebrowsing/csd/client_model_v5_ext_variation_0.pb"
15="https://demo.opencart.com/catalog/view/javascript/jquery/jquery-2.1.1.min.js"
16="https://demo.opencart.com/catalog/view/theme/default/stylesheet/stylesheet.css"
17="https://demo.opencart.com/catalog/view/javascript/bootstrap/js/bootstrap.min.js"
18="https://demo.opencart.com/catalog/view/javascript/jquery/swiper/css/opencart.css"
19="https://demo.opencart.com/catalog/view/javascript/common.js"
20="https://demo.opencart.com/catalog/view/javascript/font-awesome/css/font-awesome.min.css"
21="https://demo.opencart.com/catalog/view/javascript/bootstrap/css/bootstrap.min.css"
22="https://demo.opencart.com/catalog/view/javascript/jquery/swiper/css/swiper.min.css"
23="https://demo.opencart.com/catalog/view/javascript/jquery/swiper/js/swiper.jquery.js"
24="https://fonts.googleapis.com/css?family=Open+Sans:400,400i,300,700"
25="https://demo.opencart.com/"
26="https://demo.opencart.com/image/cache/catalog/demo/canon_eos_5d_1-200x200.jpg"
27="https://demo.opencart.com/image/cache/catalog/demo/apple_cinema_30-200x200.jpg"
28="https://demo.opencart.com/image/cache/catalog/demo/manufacturer/harley-130x100.png"
29="https://demo.opencart.com/image/cache/catalog/demo/manufacturer/dell-130x100.png"
30="https://demo.opencart.com/image/cache/catalog/demo/manufacturer/canon-130x100.png"
31="https://demo.opencart.com/image/cache/catalog/demo/manufacturer/redbull-130x100.png"
32="https://demo.opencart.com/image/cache/catalog/demo/manufacturer/sony-130x100.png"
33="https://demo.opencart.com/image/cache/catalog/demo/manufacturer/cocacola-130x100.png"
34="https://demo.opencart.com/image/cache/catalog/demo/iphone_1-200x200.jpg"
35="https://demo.opencart.com/image/cache/catalog/demo/manufacturer/disney-130x100.png"
36="https://demo.opencart.com/image/cache/catalog/demo/manufacturer/nfl-130x100.png"
37="https://demo.opencart.com/image/cache/catalog/demo/manufacturer/burgerking-130x100.png"
38="https://demo.opencart.com/image/cache/catalog/demo/macbook_1-200x200.jpg"
39="https://demo.opencart.com/image/cache/catalog/demo/manufacturer/nintendo-130x100.png"
40="https://demo.opencart.com/image/cache/catalog/demo/manufacturer/starbucks-130x100.png"
41="https://demo.opencart.com/image/cache/catalog/demo/banners/iPhone6-1140x380.jpg"
42="https://demo.opencart.com/image/cache/catalog/demo/banners/MacBookAir-1140x380.jpg"
43="demo.opencart.com_login_48"
44="https://clients1.google.com/tbproxy/af/query?q=Chc2LjEuMTcxNS4xNDQyL2VuIChHR0xMKRMZ5YRr3Z-avlkjLWdns_4kFBMZVyoHDriExaAjLXhvEhkkIy3OQUx6JBQ="
45="https://demo.opencart.com/index.php?route=account/login"
46="Login_login_75"
47="index.php_login_88"
48="login"
49="login_Transaction"
50="https://demo.opencart.com/index.php?route=product/category&path=18"
51="https://demo.opencart.com/image/cache/catalog/demo/compaq_presario-182x182.jpg"
52="https://demo.opencart.com/image/cache/catalog/demo/hp_2-80x80.jpg"
53="https://demo.opencart.com/image/cache/catalog/demo/hp_1-228x228.jpg"
54="https://demo.opencart.com/image/cache/catalog/demo/macbook_1-228x228.jpg"
55="https://demo.opencart.com/image/cache/catalog/demo/macbook_air_1-228x228.jpg"
56="https://demo.opencart.com/image/cache/catalog/demo/macbook_pro_1-228x228.jpg"
57="https://demo.opencart.com/image/cache/catalog/demo/sony_vaio_1-228x228.jpg"
58="index.php_2_laptops_19"
59="https://demo.opencart.com/index.php?route=product/category&path=18&sort=p.model&order=ASC"
60="index.php_3_laptops_28"
61="https://demo.opencart.com/index.php?route=product/category&path=18&sort=p.model&order=ASC&limit=50"
62="index.php_4_laptops_37"
63="laptops"
64="laptops_Transaction"
65="https://demo.opencart.com/index.php?route=product/category&path=57"
66="https://demo.opencart.com/image/cache/catalog/demo/samsung_tab_1-228x228.jpg"
67="index.php_5_tablets_19"
68="https://demo.opencart.com/index.php?route=product/category&path=57&limit=50"
69="index.php_6_tablets_30"
70="tablets"
71="tablets_Transaction"
72="https://demo.opencart.com/index.php?route=checkout/checkout"
73="index.php_7_checkout_17"
74="checkout"
75="checkout_Transaction"
76="vuser_end_Transaction"
